    libdis_test:       62 f2 75 08 50 d0  vpdpbusd %xmm0,%xmm1,%xmm2
    libdis_test+0x6:   62 f2 5d 28 50 eb  vpdpbusd %ymm3,%ymm4,%ymm5
    libdis_test+0xc:   62 72 45 48 50 c6  vpdpbusd %zmm6,%zmm7,%zmm8
    libdis_test+0x12:  62 52 2d 09 50 d9  vpdpbusd %xmm9,%xmm10,%xmm11{%k1}
    libdis_test+0x18:  62 52 15 8a 50 f4  vpdpbusd %xmm12,%xmm13,%xmm14{%k2}{z}
    libdis_test+0x1e:  62 c2 7d 23 50 cf  vpdpbusd %ymm15,%ymm0,%ymm17{%k3}
    libdis_test+0x24:  62 a2 65 a4 50 e2  vpdpbusd %ymm18,%ymm3,%ymm20{%k4}{z}
    libdis_test+0x2a:  62 a2 4d 45 50 fd  vpdpbusd %zmm21,%zmm6,%zmm23{%k5}
    libdis_test+0x30:  62 02 35 c6 50 d0  vpdpbusd %zmm24,%zmm9,%zmm26{%k6}{z}
    libdis_test+0x36:  62 62 25 40 50 a0  vpdpbusd 0x64(%rax),%zmm11,%zmm28
                       64 00 00 00 
    libdis_test+0x40:  62 62 15 40 50 b4  vpdpbusd 0x123456(%rbx,%rcx,8),%zmm13,%zmm30
                       cb 56 34 12 00 
    libdis_test+0x4b:  62 f2 75 08 51 d0  vpdpbusds %xmm0,%xmm1,%xmm2
    libdis_test+0x51:  62 f2 5d 28 51 eb  vpdpbusds %ymm3,%ymm4,%ymm5
    libdis_test+0x57:  62 72 45 48 51 c6  vpdpbusds %zmm6,%zmm7,%zmm8
    libdis_test+0x5d:  62 52 2d 09 51 d9  vpdpbusds %xmm9,%xmm10,%xmm11{%k1}
    libdis_test+0x63:  62 52 15 8a 51 f4  vpdpbusds %xmm12,%xmm13,%xmm14{%k2}{z}
    libdis_test+0x69:  62 c2 7d 23 51 cf  vpdpbusds %ymm15,%ymm0,%ymm17{%k3}
    libdis_test+0x6f:  62 a2 65 a4 51 e2  vpdpbusds %ymm18,%ymm3,%ymm20{%k4}{z}
    libdis_test+0x75:  62 a2 4d 45 51 fd  vpdpbusds %zmm21,%zmm6,%zmm23{%k5}
    libdis_test+0x7b:  62 02 35 c6 51 d0  vpdpbusds %zmm24,%zmm9,%zmm26{%k6}{z}
    libdis_test+0x81:  62 62 25 40 51 a0  vpdpbusds 0x64(%rax),%zmm11,%zmm28
                       64 00 00 00 
    libdis_test+0x8b:  62 62 15 40 51 b4  vpdpbusds 0x123456(%rbx,%rcx,8),%zmm13,%zmm30
                       cb 56 34 12 00 
    libdis_test+0x96:  62 f2 75 08 52 d0  vpdpwssd %xmm0,%xmm1,%xmm2
    libdis_test+0x9c:  62 f2 5d 28 52 eb  vpdpwssd %ymm3,%ymm4,%ymm5
    libdis_test+0xa2:  62 72 45 48 52 c6  vpdpwssd %zmm6,%zmm7,%zmm8
    libdis_test+0xa8:  62 52 2d 09 52 d9  vpdpwssd %xmm9,%xmm10,%xmm11{%k1}
    libdis_test+0xae:  62 52 15 8a 52 f4  vpdpwssd %xmm12,%xmm13,%xmm14{%k2}{z}
    libdis_test+0xb4:  62 c2 7d 23 52 cf  vpdpwssd %ymm15,%ymm0,%ymm17{%k3}
    libdis_test+0xba:  62 a2 65 a4 52 e2  vpdpwssd %ymm18,%ymm3,%ymm20{%k4}{z}
    libdis_test+0xc0:  62 a2 4d 45 52 fd  vpdpwssd %zmm21,%zmm6,%zmm23{%k5}
    libdis_test+0xc6:  62 02 35 c6 52 d0  vpdpwssd %zmm24,%zmm9,%zmm26{%k6}{z}
    libdis_test+0xcc:  62 62 25 40 52 a0  vpdpwssd 0x64(%rax),%zmm11,%zmm28
                       64 00 00 00 
    libdis_test+0xd6:  62 62 15 40 52 b4  vpdpwssd 0x123456(%rbx,%rcx,8),%zmm13,%zmm30
                       cb 56 34 12 00 
    libdis_test+0xe1:  62 f2 75 08 53 d0  vpdpwssds %xmm0,%xmm1,%xmm2
    libdis_test+0xe7:  62 f2 5d 28 53 eb  vpdpwssds %ymm3,%ymm4,%ymm5
    libdis_test+0xed:  62 72 45 48 53 c6  vpdpwssds %zmm6,%zmm7,%zmm8
    libdis_test+0xf3:  62 52 2d 09 53 d9  vpdpwssds %xmm9,%xmm10,%xmm11{%k1}
    libdis_test+0xf9:  62 52 15 8a 53 f4  vpdpwssds %xmm12,%xmm13,%xmm14{%k2}{z}
    libdis_test+0xff:  62 c2 7d 23 53 cf  vpdpwssds %ymm15,%ymm0,%ymm17{%k3}
    libdis_test+0x105: 62 a2 65 a4 53 e2  vpdpwssds %ymm18,%ymm3,%ymm20{%k4}{z}
    libdis_test+0x10b: 62 a2 4d 45 53 fd  vpdpwssds %zmm21,%zmm6,%zmm23{%k5}
    libdis_test+0x111: 62 02 35 c6 53 d0  vpdpwssds %zmm24,%zmm9,%zmm26{%k6}{z}
    libdis_test+0x117: 62 62 25 40 53 a0  vpdpwssds 0x64(%rax),%zmm11,%zmm28
                       64 00 00 00 
    libdis_test+0x121: 62 62 15 40 53 b4  vpdpwssds 0x123456(%rbx,%rcx,8),%zmm13,%zmm30
                       cb 56 34 12 00 
