
              test`baz
                [ it's working ]

