Pack my box with five dozen liquor jugs. How razorback-jumping frogs can level six piqued gymnasts! Amazingly few discotheques provide jukeboxes.0
0                                                                              0
0                                                                               0
0                                                                                0
Pack my box with five dozen liquor jugs. How razorback-jumping frogs can level s
ix piqued gymnasts! Amazingly few discotheques provide jukeboxes.0
0                                                                              0
0
0
0
0
