                ffffffffffffffff ffffffffffffffff ffffffffffffffff 
                ffffffffffffffff ffffffffffffffff ffffffffffffffff 
                ffffffffffffffff ffffffffffffffff ffffffffffffffff 
                ffffffffffffffff ffffffffffffffff ffffffffffffffff 
                ffffffffffffffff ffffffffffffffff ffffffffffffffff 
                ffffffffffffffff 
                8000000000000000 8000000000000000 8000000000000000 
                8000000000000000 8000000000000000 8000000000000000 
                8000000000000000 8000000000000000 8000000000000000 
                8000000000000000 8000000000000000 8000000000000000 
                8000000000000000 8000000000000000 8000000000000000 
                8000000000000000 
                800000000000000 800000000000000 800000000000000 800000000000000
                800000000000000 800000000000000 800000000000000 800000000000000
                800000000000000 800000000000000 800000000000000 800000000000000
                800000000000000 800000000000000 800000000000000 800000000000000
