                -1                   -1                   -1                   
                -1                   -1                   -1                   
                -1                   -1                   -1                   
                -1                   -1                   -1                   
                -1                   -1                   -1                   
                -1                   
                -9223372036854775808 -9223372036854775808 -9223372036854775808 
                -9223372036854775808 -9223372036854775808 -9223372036854775808 
                -9223372036854775808 -9223372036854775808 -9223372036854775808 
                -9223372036854775808 -9223372036854775808 -9223372036854775808 
                -9223372036854775808 -9223372036854775808 -9223372036854775808 
                -9223372036854775808 
