                1
                1
                1
                1
                100000000000000000000000000000000000000000000000000000000000000
                100000000000000000000000000000000000000000000000000000000000000
                100000000000000000000000000000000000000000000000000000000000000
                1000000000000000000000000000000000000000000000000000000000000000
                1000000000000000000000000000000000000000000000000000000000000000
                1000000000000000000000000000000000000000000000000000000000000000
                1111111111111111111111111111111111111111111111111111111111111111
                1111111111111111111111111111111111111111111111111111111111111111
                1111111111111111111111111111111111111111111111111111111111111111
                1111111111111111111111111111111111111111111111111111111111111111
